<html>
<body>
<pre>
<h1>礦ision Build Log</h1>
<h2>Tool Versions:</h2>
IDE-Version: μVision V5.24.2.0
Copyright (C) 2017 ARM Ltd and ARM Germany GmbH. All rights reserved.
License Information: Liao Moon, A, LIC=TIVNB-21MZ2-FWB2N-YH96N-62JWP-2GLZK
 
Tool Versions:
Toolchain:       MDK-ARM Plus  Version: 5.24.1
Toolchain Path:  S:\DevTools\Keil\ARM\ARMCLANG\Bin
C Compiler:      ArmClang.exe V6.7
Assembler:       Armasm.exe V6.7
Linker/Locator:  ArmLink.exe V6.7
Library Manager: ArmAr.exe V6.7
Hex Converter:   FromElf.exe V6.7
CPU DLL:         SARMCM3.DLL V5.24.1
Dialog DLL:      DCM.DLL V1.16.0.0
Target DLL:      UL2CM3.DLL V1.160.3.0
Dialog DLL:      TCM.DLL V1.32.0.0
 
<h2>Project:</h2>
F:\下载\pikapython_stm32f103c8\MDK-ARM\pikascript-demo.uvprojx
Project File Date:  11/19/2024

<h2>Output:</h2>
*** Using Compiler 'V6.7', folder: 'S:\DevTools\Keil\ARM\ARMCLANG\Bin'
Rebuild target 'pikascript-demo'
Before Build - User command #1: ..\pikascript\pikaBeforBuild-keil.bat
F:\下载\pikapython_stm32f103c8\MDK-ARM>cd ../pikascript 
F:\下载\pikapython_stm32f103c8\pikascript>if not exist pikascript-core (pikaPackage.exe) 
F:\下载\pikapython_stm32f103c8\pikascript>rust-msc-latest-win10.exe
(pikascript) packages installed:
    pikascript-core==v1.11.8
    PikaStdLib==v1.11.8
    PikaStdDevice==v1.11.0
(pikascript) pika compiler:
  scaning main.py...
    binding PikaStdLib.pyi...
    binding PikaStdDevice.pyi...
    binding PikaStdTask.pyi...
    binding PikaStdData.pyi...
    binding PikaDebug.pyi...
  compiling main.py...
  linking pikascript-api/pikaModules.py.a...
  loading pikaModules_py_a[]...
compiling stm32f1xx_hal_dma.c...
compiling stm32f1xx_hal_exti.c...
compiling stm32f1xx_hal_rcc_ex.c...
compiling stm32f1xx_hal_gpio.c...
compiling stm32f1xx_hal.c...
compiling stm32f1xx_hal_cortex.c...
compiling stm32f1xx_hal_flash.c...
compiling stm32f1xx_hal_rcc.c...
compiling stm32f1xx_hal_pwr.c...
compiling stm32f1xx_hal_flash_ex.c...
compiling stm32f1xx_hal_gpio_ex.c...
compiling stm32f1xx_hal_adc.c...
compiling stm32f1xx_hal_tim_ex.c...
compiling stm32f1xx_hal_uart.c...
compiling stm32f1xx_hal_tim.c...
compiling BaseObj.c...
compiling dataLinkNode.c...
compiling stm32f1xx_hal_adc_ex.c...
compiling dataLink.c...
compiling dataStack.c...
compiling dataStrs.c...
compiling dataQueueObj.c...
compiling dataQueue.c...
compiling dataString.c...
../pikascript/pikascript-core/dataArg.c(318): warning: use of logical '||' with constant operand [-Wconstant-logical-operand]
    if (ARG_TYPE_POINTER == type || ARG_TYPE_METHOD_NATIVE_CONSTRUCTOR) {
                                 ^  ~~~~~~~~~~~~~~~~~~~~~~~~~~~~~~~~~~
../pikascript/pikascript-core/dataArg.c(318): note: use '|' for a bitwise operation
    if (ARG_TYPE_POINTER == type || ARG_TYPE_METHOD_NATIVE_CONSTRUCTOR) {
                                 ^~
                                 |
1 warning generated.
compiling dataArg.c...
compiling dataMemory.c...
compiling dataArgs.c...
compiling PikaObj.c...
compiling PikaPlatform.c...
compiling TinyObj.c...
compiling PikaStdDevice_IIC.c...
compiling PikaStdDevice_ADC.c...
compiling PikaStdDevice_GPIO.c...
compiling PikaParser.c...
compiling PikaStdDevice_CAN.c...
compiling PikaStdDevice_BaseDev.c...
compiling PikaStdDevice_Time.c...
compiling PikaCompiler.c...
compiling PikaStdDevice_UART.c...
compiling PikaStdDevice_PWM.c...
compiling PikaStdLib_RangeObj.c...
compiling PikaStdDevice_SPI.c...
compiling PikaStdData_Dict.c...
compiling PikaStdTask_Task.c...
compiling PikaStdLib_StringObj.c...
compiling PikaVM.c...
compiling PikaStdData_Tuple.c...
compiling PikaStdData_ByteArray.c...
compiling PikaStdData_Utils.c...
compiling PikaStdLib_MemChecker.c...
compiling PikaDebuger_Debuger.c...
compiling PikaStdData_List.c...
compiling PikaStdData_String.c...
compiling __asset_pikaModules_py_a.c...
compiling pikaScript.c...
compiling PikaStdData_FILEIO.c...
compiling PikaStdLib_SysObj.c...
assembling startup_stm32f103xb.s...
compiling stm32f1xx_hal_msp.c...
compiling gpio.c...
compiling stm32f1xx_it.c...
compiling main.c...
compiling system_stm32f1xx.c...
compiling usart.c...
compiling __pikaBinding.c...
linking...
Program Size: Code=42676 RO-data=5888 RW-data=188 ZI-data=18556  
FromELF: creating hex file...
"pikascript-demo\pikascript-demo.axf" - 0 Error(s), 1 Warning(s).

<h2>Software Packages used:</h2>

Package Vendor: ARM
                http://www.keil.com/pack/ARM.CMSIS.5.0.1.pack
                ARM.CMSIS.5.0.1
                CMSIS (Cortex Microcontroller Software Interface Standard)
   * Component: CORE Version: 5.0.1

Package Vendor: Keil
                http://www.keil.com/pack/Keil.STM32F1xx_DFP.2.2.0.pack
                Keil.STM32F1xx_DFP.2.2.0
                STMicroelectronics STM32F1 Series Device Support, Drivers and Examples

<h2>Collection of Component include folders:</h2>
  .\RTE\_pikascript-demo
  S:\DevTools\Keil\ARM\PACK\ARM\CMSIS\5.0.1\CMSIS\Include
  S:\DevTools\Keil\ARM\PACK\Keil\STM32F1xx_DFP\2.2.0\Device\Include

<h2>Collection of Component Files used:</h2>

   * Component: ARM::CMSIS:CORE:5.0.1
Build Time Elapsed:  00:00:06
</pre>
</body>
</html>
